// Jest Snapshot v1, https://goo.gl/fbAQLP

exports[`matches snapshot 1`] = `
<DocumentFragment>
  <div
    class="banner jumbotron"
  >
    <h1>
      Welcome to my Recipes app!
    </h1>
    <form
      class=""
      data-testid="form"
    >
      <div
        aria-expanded="false"
        class="MuiAutocomplete-root MuiAutocomplete-hasClearIcon MuiAutocomplete-hasPopupIcon"
        role="combobox"
        style="width: 300px;"
      >
        <div
          class="MuiFormControl-root MuiTextField-root MuiFormControl-fullWidth"
        >
          <label
            class="MuiFormLabel-root MuiInputLabel-root MuiInputLabel-formControl MuiInputLabel-animated MuiInputLabel-outlined"
            data-shrink="false"
            for="controllable-states-demo"
            id="controllable-states-demo-label"
          >
            Type your inquiry
          </label>
          <div
            class="MuiInputBase-root MuiOutlinedInput-root MuiAutocomplete-inputRoot MuiInputBase-fullWidth MuiInputBase-formControl MuiInputBase-adornedEnd MuiOutlinedInput-adornedEnd"
          >
            <input
              aria-autocomplete="list"
              aria-invalid="false"
              autocapitalize="none"
              autocomplete="off"
              class="MuiInputBase-input MuiOutlinedInput-input MuiAutocomplete-input MuiAutocomplete-inputFocused MuiInputBase-inputAdornedEnd MuiOutlinedInput-inputAdornedEnd"
              id="controllable-states-demo"
              placeholder="Type your next meal..."
              spellcheck="false"
              type="text"
              value=""
            />
            <div
              class="MuiAutocomplete-endAdornment"
            >
              <button
                aria-label="Clear"
                class="MuiButtonBase-root MuiIconButton-root MuiAutocomplete-clearIndicator"
                tabindex="-1"
                title="Clear"
                type="button"
              >
                <span
                  class="MuiIconButton-label"
                >
                  <svg
                    aria-hidden="true"
                    class="MuiSvgIcon-root MuiSvgIcon-fontSizeSmall"
                    focusable="false"
                    viewBox="0 0 24 24"
                  >
                    <path
                      d="M19 6.41L17.59 5 12 10.59 6.41 5 5 6.41 10.59 12 5 17.59 6.41 19 12 13.41 17.59 19 19 17.59 13.41 12z"
                    />
                  </svg>
                </span>
                <span
                  class="MuiTouchRipple-root"
                />
              </button>
              <button
                aria-label="Open"
                class="MuiButtonBase-root MuiIconButton-root MuiAutocomplete-popupIndicator"
                tabindex="-1"
                title="Open"
                type="button"
              >
                <span
                  class="MuiIconButton-label"
                >
                  <svg
                    aria-hidden="true"
                    class="MuiSvgIcon-root"
                    focusable="false"
                    viewBox="0 0 24 24"
                  >
                    <path
                      d="M7 10l5 5 5-5z"
                    />
                  </svg>
                </span>
                <span
                  class="MuiTouchRipple-root"
                />
              </button>
            </div>
            <fieldset
              aria-hidden="true"
              class="PrivateNotchedOutline-root-1 MuiOutlinedInput-notchedOutline"
            >
              <legend
                class="PrivateNotchedOutline-legendLabelled-3"
              >
                <span>
                  Type your inquiry
                </span>
              </legend>
            </fieldset>
          </div>
        </div>
      </div>
      <button
        class="btn btn-primary"
        data-testid="button"
        id="search-btn"
        type="submit"
      >
        Search
      </button>
    </form>
  </div>
</DocumentFragment>
`;
